# CI02 checkpoint run
# started  2026-10-06T17:10:54Z
# commit   fa01074
# check    b71598f754bfe447131532b1c2381de1c1574b86
# ---
== CI02  A stock ubuntu-24.04 runner can host the cluster's fixed network
   Proves: ci.yml declares the two-job skeleton with the three triggers, and a run
           on a hosted runner is green in both jobs on the PR head, before main.
   How:    parses ci.yml locally; then finds the branch's run, watches it to
           completion, and ties its head SHA to the open PR.
   Needs:  the ci/CI02 branch pushed with ci.yml, a PR open, gh logged in.
           The live half takes several minutes.

  [1] ok    ci.yml parses as YAML
  [2] ok    exactly the fast and e2e jobs
  [3] ok    the three triggers: push, pull_request, workflow_dispatch
  [4] ok    push trigger is limited to main
  [5] ok    both jobs are pinned to ubuntu-24.04
  [6] ok    this branch has a CI run
  -- watching run 37501315674 to completion (several minutes)
  [7] ok    the watched run finishes green
  [8] ok    run conclusion is success, not skipped
  [9] ok    fast job ran and succeeded on the runner
  [10] ok    e2e probe ran and succeeded on the runner
  [11] ok    the green run sits on the PR head, before main

PASS: CI02 - 11 of 11 checks passed
# exit     0
