# CI03 checkpoint run
# started  2026-10-06T17:24:37Z
# commit   e7d4ec8
# check    7ece78e62c8ad7ac87dbfbbdc84fab7e0ebb3f7a
# ---
== CI03  The repo builds and the R-suite can pass on amd64
   Proves: the tofu download, the app image build and the R15 gate no longer
           assume arm64, while a native Mac build still yields arm64 and the
           J-suite's bar is unchanged.
   How:    expands the Dockerfile's arch expression on both chips in debian
           containers, builds one app image natively, syntax-checks the edited
           scripts, and runs the shipped R15 block against stub docker/kubectl
           answers for four scenarios.
   Needs:  docker with both-platform image pulls, jq, no cluster.

  [1] ok    tofu URL takes the chip from dpkg, hardcodes none
  [2] ok    the URL expands to linux_amd64 on amd64
Unable to find image 'debian:bookworm-slim' locally
bookworm-slim: Pulling from library/debian
c75f989a229d: Pulling fs layer
c75f989a229d: Verifying Checksum
c75f989a229d: Download complete
c75f989a229d: Pull complete
Digest: sha256:7c7b2c966bc9ee8cedfeef67e0e279108992c77681fa595db4a9d65c06ccc587
Status: Downloaded newer image for debian:bookworm-slim
  [3] ok    the URL expands to linux_arm64 on arm64
  [4] ok    vote builds natively
  [5] ok    the native build is arm64, as before
  [6] ok    bash -n is clean on build.sh
  [7] ok    bash -n is clean on verify.sh
  [8] ok    R15 passes on amd64 with 3 registry refs
  [9] ok    R15 still fails on amd64 with no registry ref
  [10] ok    R15 passes on amd64 with no ImagePullBackOff
  [11] ok    R15 still fails on ImagePullBackOff
  [12] ok    J2 still demands the 17 PASS literal

PASS: CI03 - 12 of 12 checks passed
# exit     0
