# S18 amendment: adding claim and timeline to the frozen array (12 names -> 14).
#
# 1. The array as it stood, twelve names, against the fourteen-name Makefile 2026-09-15T20:02:40Z:

  ok: all 12 targets defined
FAIL: make targets disagrees with the allowlist
  listed:
claim
demo-redeploy
demo-undeploy
demo-up
destroy
jit-down
jit-up
jit-verify
ns-delete
state
targets
test-up
timeline
verify
  expected:
demo-redeploy
demo-undeploy
demo-up
destroy
jit-down
jit-up
jit-verify
ns-delete
state
targets
test-up
verify
  ok: all 14 targets defined
  ok: make targets prints the allowlist and nothing else
  ok: make state emits the documented JSON
  ok: claim count matches kubectl (3)
  ok: every reported phase matches the cluster
  ok: container count matches docker (3)
  ok: make state degrades to up=false instead of erroring
  ok: ns-delete refuses a missing or unlisted namespace
  ok: a failing target exits non-zero
  ok: demo-undeploy orphans with an expiry, keeps redis Ready, destroys nothing
  ok: demo-redeploy returns every claim to Ready with the expiry cleared
  ok: each run left its log in docs/evidence/
PASS
