
=== preflight - demo stack up ===
# spike run started 2026-09-28T21:19:04Z on VJK-MacBook.local
tofu OpenTofu v1.8.1
redis voting-a-redis-redis at 172.19.0.102; postgres voting-a-postgres-postgres at 172.19.0.100; network k3d-voting-app

=== handler-side protocol: does call_runner block the kopf event loop? ===
controller image: jit-controller
kopf 1.44.6: event-loop thread 281473607140544; sync handler ran on thread 281473518268800; separate executor thread: True
code reading: jit-controller/main.py handle_deployment is a synchronous def (line 129) and
resync_referenced_by is a synchronous @kopf.timer def (line 816); provision_infra -> call_runner
(line 352) is a plain blocking requests.post with timeout=600.
kopf/_core/actions/invocation.py line 134 executes a synchronous handler with
loop.run_in_executor(executor, real_fn), i.e. on a worker thread, not the event loop.
call_runner blocking verdict: call_runner does not block the kopf event loop - kopf offloads
synchronous handlers to an executor thread, so the 30s resync keeps ticking while an apply runs;
asyncio.to_thread would be required only if S26 converts the handler to async def.

=== redis replace - queue held behind a stopped worker, then the container replaced ===
before: id=b74279f658de3fa4e939fcf52029b756964e29fa5081ad17ef3f18ea7bda1c66 cmd=["redis-server","--maxmemory","256mb","--maxmemory-policy","noeviction"]

Initializing the backend...

Successfully configured the backend "s3"! OpenTofu will automatically
use this backend unless the backend configuration changes.

Initializing provider plugins...
- Finding kreuzwerker/docker versions matching "~> 3.0"...
- Installing kreuzwerker/docker v3.9.0...
- Installed kreuzwerker/docker v3.9.0 (signed, key ID 0DCE698927DAF8EC)

Providers are signed by their developers.
If you'd like to know more about provider signing, you can read about it here:
https://opentofu.org/docs/cli/plugins/signing/

OpenTofu has created a lock file .terraform.lock.hcl to record the provider
selections it made above. Include this file in your version control repository
so that OpenTofu can guarantee to make the same selections by default when
you run "tofu init" in the future.

OpenTofu has been successfully initialized!

You may now begin working with OpenTofu. Try running "tofu plan" to see
any changes that are required for your infrastructure. All OpenTofu commands
should now work.

If you ever set or change modules or backend configuration for OpenTofu,
rerun this command to reinitialize your working directory. If you forget, other
commands will detect it and remind you to do so if necessary.
  # docker_container.redis must be replaced
      ~ command                                     = [ # forces replacement
          ~ external = 33196 -> 0 # forces replacement
Plan: 1 to add, 0 to change, 1 to destroy.
scale voting-app-worker to 0 so nothing drains the queue during the replace
deployment.apps/voting-app-worker scaled
All data transferred. Waiting for the last reply...
Last reply received from server.
errors: 0, replies: 50
queued 50 votes (LLEN votes) with the worker stopped
data.docker_network.this: Reading...
data.docker_network.this: Read complete after 0s [id=c1797e613adf27b975f16f35fb2d185dd3b0fa8f17a58010844c076b5fb58390]
docker_container.redis: Refreshing state... [id=b74279f658de3fa4e939fcf52029b756964e29fa5081ad17ef3f18ea7bda1c66]

OpenTofu used the selected providers to generate the following execution
plan. Resource actions are indicated with the following symbols:
-/+ destroy and then create replacement

OpenTofu will perform the following actions:

  # docker_container.redis must be replaced
-/+ resource "docker_container" "redis" {
      + bridge                                      = (known after apply)
      ~ command                                     = [ # forces replacement
            # (1 unchanged element hidden)
            "--maxmemory",
          - "256mb",
          + "128mb",
            "--maxmemory-policy",
            # (1 unchanged element hidden)
        ]
      + container_logs                              = (known after apply)
      - cpu_shares                                  = 0 -> null
      - dns                                         = [] -> null
      - dns_opts                                    = [] -> null
      - dns_search                                  = [] -> null
      ~ entrypoint                                  = [
          - "docker-entrypoint.sh",
        ] -> (known after apply)
      ~ env                                         = [] -> (known after apply)
      + exit_code                                   = (known after apply)
      - group_add                                   = [] -> null
      ~ hostname                                    = "b74279f658de" -> (known after apply)
      ~ id                                          = "b74279f658de3fa4e939fcf52029b756964e29fa5081ad17ef3f18ea7bda1c66" -> (known after apply)
      ~ init                                        = false -> (known after apply)
      ~ ipc_mode                                    = "private" -> (known after apply)
      ~ log_driver                                  = "json-file" -> (known after apply)
      - log_opts                                    = {} -> null
      - max_retry_count                             = 0 -> null
      - memory                                      = 0 -> null
      - memory_swap                                 = 0 -> null
        name                                        = "voting-a-redis-redis"
      ~ network_data                                = [
          - {
              - gateway                   = "172.19.0.1"
              - global_ipv6_address       = ""
              - global_ipv6_prefix_length = 0
              - ip_address                = "172.19.0.102"
              - ip_prefix_length          = 16
              - ipv6_gateway              = ""
              - mac_address               = "a2:39:d3:6a:48:4c"
              - network_name              = "k3d-voting-app"
            },
        ] -> (known after apply)
      - privileged                                  = false -> null
      - publish_all_ports                           = false -> null
      ~ runtime                                     = "runc" -> (known after apply)
      ~ security_opts                               = [] -> (known after apply)
      ~ shm_size                                    = 64 -> (known after apply)
      + stop_signal                                 = (known after apply)
      ~ stop_timeout                                = 0 -> (known after apply)
      - storage_opts                                = {} -> null
      - sysctls                                     = {} -> null
      - tmpfs                                       = {} -> null
      - working_dir                                 = "/data" -> null
        # (16 unchanged attributes hidden)

      ~ ports {
          ~ external = 33196 -> 0 # forces replacement
            # (3 unchanged attributes hidden)
        }

        # (1 unchanged block hidden)
    }

Plan: 1 to add, 0 to change, 1 to destroy.
docker_container.redis: Destroying... [id=b74279f658de3fa4e939fcf52029b756964e29fa5081ad17ef3f18ea7bda1c66]
docker_container.redis: Destruction complete after 0s
docker_container.redis: Creating...
docker_container.redis: Creation complete after 1s [id=9bdbe9837f4528731ecb2a5391e162e8c1012138b8ab22159f7b4d2465350d79]

Apply complete! Resources: 1 added, 0 changed, 1 destroyed.

Outputs:

address = "172.19.0.102"
port = 6379
url = "redis://172.19.0.102:6379"
redis replace: 1s or less until redis answers again (tofu apply 0.79s + container start; the plan above shows the container is replaced)
after: id=9bdbe9837f4528731ecb2a5391e162e8c1012138b8ab22159f7b4d2465350d79 cmd=["redis-server","--maxmemory","128mb","--maxmemory-policy","noeviction"]
votes lost across the replace: 50 of 50 queued (LLEN votes after=0)
scale voting-app-worker back to 1 and assert reconnect
deployment.apps/voting-app-worker scaled
Waiting for deployment "voting-app-worker" rollout to finish: 0 out of 1 new replicas have been updated...
Waiting for deployment spec update to be observed...
Waiting for deployment "voting-app-worker" rollout to finish: 0 out of 1 new replicas have been updated...
Waiting for deployment "voting-app-worker" rollout to finish: 0 of 1 updated replicas are available...
deployment "voting-app-worker" successfully rolled out
Defaulted container "worker" out of: worker, init-db (init)
reconnect: worker --healthcheck OK - reached the recreated redis and postgres
reconnect: vote /healthz OK - vote built a fresh redis client after the replace
reconnect: worker drained a post-replace vote to postgres (LLEN votes=0)
restore maxmemory to 256mb so the demo stack keeps its declared defaults
data.docker_network.this: Reading...
data.docker_network.this: Read complete after 0s [id=c1797e613adf27b975f16f35fb2d185dd3b0fa8f17a58010844c076b5fb58390]
docker_container.redis: Refreshing state... [id=9bdbe9837f4528731ecb2a5391e162e8c1012138b8ab22159f7b4d2465350d79]

OpenTofu used the selected providers to generate the following execution
plan. Resource actions are indicated with the following symbols:
-/+ destroy and then create replacement

OpenTofu will perform the following actions:

  # docker_container.redis must be replaced
-/+ resource "docker_container" "redis" {
      + bridge                                      = (known after apply)
      ~ command                                     = [ # forces replacement
            # (1 unchanged element hidden)
            "--maxmemory",
          - "128mb",
          + "256mb",
            "--maxmemory-policy",
            # (1 unchanged element hidden)
        ]
      + container_logs                              = (known after apply)
      - cpu_shares                                  = 0 -> null
      - dns                                         = [] -> null
      - dns_opts                                    = [] -> null
      - dns_search                                  = [] -> null
      ~ entrypoint                                  = [
          - "docker-entrypoint.sh",
        ] -> (known after apply)
      ~ env                                         = [] -> (known after apply)
      + exit_code                                   = (known after apply)
      - group_add                                   = [] -> null
      ~ hostname                                    = "9bdbe9837f45" -> (known after apply)
      ~ id                                          = "9bdbe9837f4528731ecb2a5391e162e8c1012138b8ab22159f7b4d2465350d79" -> (known after apply)
      ~ init                                        = false -> (known after apply)
      ~ ipc_mode                                    = "private" -> (known after apply)
      ~ log_driver                                  = "json-file" -> (known after apply)
      - log_opts                                    = {} -> null
      - max_retry_count                             = 0 -> null
      - memory                                      = 0 -> null
      - memory_swap                                 = 0 -> null
        name                                        = "voting-a-redis-redis"
      ~ network_data                                = [
          - {
              - gateway                   = "172.19.0.1"
              - global_ipv6_address       = ""
              - global_ipv6_prefix_length = 0
              - ip_address                = "172.19.0.102"
              - ip_prefix_length          = 16
              - ipv6_gateway              = ""
              - mac_address               = "7e:dc:e8:a4:77:5e"
              - network_name              = "k3d-voting-app"
            },
        ] -> (known after apply)
      - privileged                                  = false -> null
      - publish_all_ports                           = false -> null
      ~ runtime                                     = "runc" -> (known after apply)
      ~ security_opts                               = [] -> (known after apply)
      ~ shm_size                                    = 64 -> (known after apply)
      + stop_signal                                 = (known after apply)
      ~ stop_timeout                                = 0 -> (known after apply)
      - storage_opts                                = {} -> null
      - sysctls                                     = {} -> null
      - tmpfs                                       = {} -> null
      - working_dir                                 = "/data" -> null
        # (16 unchanged attributes hidden)

      ~ ports {
          ~ external = 33199 -> 0 # forces replacement
            # (3 unchanged attributes hidden)
        }

        # (1 unchanged block hidden)
    }

Plan: 1 to add, 0 to change, 1 to destroy.
docker_container.redis: Destroying... [id=9bdbe9837f4528731ecb2a5391e162e8c1012138b8ab22159f7b4d2465350d79]
docker_container.redis: Destruction complete after 0s
docker_container.redis: Creating...
docker_container.redis: Creation complete after 0s [id=5b3982d3033def57b52fcebc774f1dab3d7e002787a01466c1b68b8b32a193a5]

Apply complete! Resources: 1 added, 0 changed, 1 destroyed.

Outputs:

address = "172.19.0.102"
port = 6379
url = "redis://172.19.0.102:6379"
redis restore: 0.8s (rc=0; cmd=["redis-server","--maxmemory","256mb","--maxmemory-policy","noeviction"])

=== postgres replace - an S27-style setting (-c) added to the container command ===
before: id=4a0ac3cfe72894ad02837960bedc237bb460bef9646a157d00c26d6f3127a6c5 volume=voting-a-postgres-postgres-data created=2026-09-28T21:57:33+01:00 rows=8

Initializing the backend...

Successfully configured the backend "s3"! OpenTofu will automatically
use this backend unless the backend configuration changes.

Initializing provider plugins...
- Finding kreuzwerker/docker versions matching "~> 3.0"...
- Installing kreuzwerker/docker v3.9.0...
- Installed kreuzwerker/docker v3.9.0 (signed, key ID 0DCE698927DAF8EC)

Providers are signed by their developers.
If you'd like to know more about provider signing, you can read about it here:
https://opentofu.org/docs/cli/plugins/signing/

OpenTofu has created a lock file .terraform.lock.hcl to record the provider
selections it made above. Include this file in your version control repository
so that OpenTofu can guarantee to make the same selections by default when
you run "tofu init" in the future.

OpenTofu has been successfully initialized!

You may now begin working with OpenTofu. Try running "tofu plan" to see
any changes that are required for your infrastructure. All OpenTofu commands
should now work.

If you ever set or change modules or backend configuration for OpenTofu,
rerun this command to reinitialize your working directory. If you forget, other
commands will detect it and remind you to do so if necessary.
      ~ command                                     = [ # forces replacement
          ~ external = 33198 -> 0 # forces replacement
Plan: 1 to add, 0 to change, 1 to destroy.
data.docker_network.this: Reading...
docker_volume.postgres_data: Refreshing state... [id=voting-a-postgres-postgres-data]
data.docker_network.this: Read complete after 0s [id=c1797e613adf27b975f16f35fb2d185dd3b0fa8f17a58010844c076b5fb58390]
docker_container.postgres: Refreshing state... [id=4a0ac3cfe72894ad02837960bedc237bb460bef9646a157d00c26d6f3127a6c5]

OpenTofu used the selected providers to generate the following execution
plan. Resource actions are indicated with the following symbols:
-/+ destroy and then create replacement

OpenTofu will perform the following actions:

  # docker_container.postgres must be replaced
-/+ resource "docker_container" "postgres" {
      + bridge                                      = (known after apply)
      ~ command                                     = [ # forces replacement
            "postgres",
          + "-c",
          + "max_connections=200",
        ]
      + container_logs                              = (known after apply)
      - cpu_shares                                  = 0 -> null
      - dns                                         = [] -> null
      - dns_opts                                    = [] -> null
      - dns_search                                  = [] -> null
      ~ entrypoint                                  = [
          - "docker-entrypoint.sh",
        ] -> (known after apply)
      + exit_code                                   = (known after apply)
      - group_add                                   = [] -> null
      ~ hostname                                    = "4a0ac3cfe728" -> (known after apply)
      ~ id                                          = "4a0ac3cfe72894ad02837960bedc237bb460bef9646a157d00c26d6f3127a6c5" -> (known after apply)
      ~ init                                        = false -> (known after apply)
      ~ ipc_mode                                    = "private" -> (known after apply)
      ~ log_driver                                  = "json-file" -> (known after apply)
      - log_opts                                    = {} -> null
      - max_retry_count                             = 0 -> null
      - memory                                      = 0 -> null
      - memory_swap                                 = 0 -> null
        name                                        = "voting-a-postgres-postgres"
      ~ network_data                                = [
          - {
              - gateway                   = "172.19.0.1"
              - global_ipv6_address       = ""
              - global_ipv6_prefix_length = 0
              - ip_address                = "172.19.0.100"
              - ip_prefix_length          = 16
              - ipv6_gateway              = ""
              - mac_address               = "be:3b:a3:1c:27:33"
              - network_name              = "k3d-voting-app"
            },
        ] -> (known after apply)
      - privileged                                  = false -> null
      - publish_all_ports                           = false -> null
      ~ runtime                                     = "runc" -> (known after apply)
      ~ security_opts                               = [] -> (known after apply)
      ~ shm_size                                    = 64 -> (known after apply)
      ~ stop_signal                                 = "SIGINT" -> (known after apply)
      ~ stop_timeout                                = 0 -> (known after apply)
      - storage_opts                                = {} -> null
      - sysctls                                     = {} -> null
      - tmpfs                                       = {} -> null
      - working_dir                                 = "/" -> null
        # (17 unchanged attributes hidden)

      ~ ports {
          ~ external = 33198 -> 0 # forces replacement
            # (3 unchanged attributes hidden)
        }

      - volumes {
          - container_path = "/var/lib/postgresql/data" -> null
          - read_only      = false -> null
          - volume_name    = "voting-a-postgres-postgres-data" -> null
        }
      + volumes {
          + container_path = "/var/lib/postgresql/data"
          + volume_name    = "voting-a-postgres-postgres-data"
        }

        # (1 unchanged block hidden)
    }

Plan: 1 to add, 0 to change, 1 to destroy.
docker_container.postgres: Destroying... [id=4a0ac3cfe72894ad02837960bedc237bb460bef9646a157d00c26d6f3127a6c5]
docker_container.postgres: Destruction complete after 0s
docker_container.postgres: Creating...
docker_container.postgres: Creation complete after 0s [id=c9a0f38211ee90b0c8420bcd963ebbaeb21f2dd9e543841534c7486878b2a0bd]

Apply complete! Resources: 1 added, 0 changed, 1 destroyed.

Outputs:

address = "172.19.0.100"
port = 5432
url = <sensitive>
volume_name = "voting-a-postgres-postgres-data"
postgres replace: 1s or less until postgres answers again (tofu apply 0.76s + server start; adds command ['postgres','-c','max_connections=200'] - the S27 settings path; the plan above shows the container is replaced)
after: id=c9a0f38211ee90b0c8420bcd963ebbaeb21f2dd9e543841534c7486878b2a0bd
postgres volume survived the replace: voting-a-postgres-postgres-data created=2026-09-28T21:57:33+01:00 (unchanged: yes)
postgres data survived the replace: votes rows before=8 after=8
restore the stock postgres module (drop the injected command) so the demo stack is unchanged

Initializing the backend...

Successfully configured the backend "s3"! OpenTofu will automatically
use this backend unless the backend configuration changes.

Initializing provider plugins...
- Finding kreuzwerker/docker versions matching "~> 3.0"...
- Installing kreuzwerker/docker v3.9.0...
- Installed kreuzwerker/docker v3.9.0 (signed, key ID 0DCE698927DAF8EC)

Providers are signed by their developers.
If you'd like to know more about provider signing, you can read about it here:
https://opentofu.org/docs/cli/plugins/signing/

OpenTofu has created a lock file .terraform.lock.hcl to record the provider
selections it made above. Include this file in your version control repository
so that OpenTofu can guarantee to make the same selections by default when
you run "tofu init" in the future.

OpenTofu has been successfully initialized!

You may now begin working with OpenTofu. Try running "tofu plan" to see
any changes that are required for your infrastructure. All OpenTofu commands
should now work.

If you ever set or change modules or backend configuration for OpenTofu,
rerun this command to reinitialize your working directory. If you forget, other
commands will detect it and remind you to do so if necessary.
data.docker_network.this: Reading...
docker_volume.postgres_data: Refreshing state... [id=voting-a-postgres-postgres-data]
data.docker_network.this: Read complete after 0s [id=c1797e613adf27b975f16f35fb2d185dd3b0fa8f17a58010844c076b5fb58390]
docker_container.postgres: Refreshing state... [id=c9a0f38211ee90b0c8420bcd963ebbaeb21f2dd9e543841534c7486878b2a0bd]

OpenTofu used the selected providers to generate the following execution
plan. Resource actions are indicated with the following symbols:
-/+ destroy and then create replacement

OpenTofu will perform the following actions:

  # docker_container.postgres must be replaced
-/+ resource "docker_container" "postgres" {
      + bridge                                      = (known after apply)
      ~ command                                     = [
          - "postgres",
          - "-c",
          - "max_connections=200",
        ] -> (known after apply)
      + container_logs                              = (known after apply)
      - cpu_shares                                  = 0 -> null
      - dns                                         = [] -> null
      - dns_opts                                    = [] -> null
      - dns_search                                  = [] -> null
      ~ entrypoint                                  = [
          - "docker-entrypoint.sh",
        ] -> (known after apply)
      + exit_code                                   = (known after apply)
      - group_add                                   = [] -> null
      ~ hostname                                    = "c9a0f38211ee" -> (known after apply)
      ~ id                                          = "c9a0f38211ee90b0c8420bcd963ebbaeb21f2dd9e543841534c7486878b2a0bd" -> (known after apply)
      ~ init                                        = false -> (known after apply)
      ~ ipc_mode                                    = "private" -> (known after apply)
      ~ log_driver                                  = "json-file" -> (known after apply)
      - log_opts                                    = {} -> null
      - max_retry_count                             = 0 -> null
      - memory                                      = 0 -> null
      - memory_swap                                 = 0 -> null
        name                                        = "voting-a-postgres-postgres"
      ~ network_data                                = [
          - {
              - gateway                   = "172.19.0.1"
              - global_ipv6_address       = ""
              - global_ipv6_prefix_length = 0
              - ip_address                = "172.19.0.100"
              - ip_prefix_length          = 16
              - ipv6_gateway              = ""
              - mac_address               = "f2:39:2e:a8:2f:38"
              - network_name              = "k3d-voting-app"
            },
        ] -> (known after apply)
      - privileged                                  = false -> null
      - publish_all_ports                           = false -> null
      ~ runtime                                     = "runc" -> (known after apply)
      ~ security_opts                               = [] -> (known after apply)
      ~ shm_size                                    = 64 -> (known after apply)
      ~ stop_signal                                 = "SIGINT" -> (known after apply)
      ~ stop_timeout                                = 0 -> (known after apply)
      - storage_opts                                = {} -> null
      - sysctls                                     = {} -> null
      - tmpfs                                       = {} -> null
      - working_dir                                 = "/" -> null
        # (17 unchanged attributes hidden)

      ~ ports {
          ~ external = 33201 -> 0 # forces replacement
            # (3 unchanged attributes hidden)
        }

      - volumes {
          - container_path = "/var/lib/postgresql/data" -> null
          - read_only      = false -> null
          - volume_name    = "voting-a-postgres-postgres-data" -> null
        }
      + volumes {
          + container_path = "/var/lib/postgresql/data"
          + volume_name    = "voting-a-postgres-postgres-data"
        }

        # (1 unchanged block hidden)
    }

Plan: 1 to add, 0 to change, 1 to destroy.
docker_container.postgres: Destroying... [id=c9a0f38211ee90b0c8420bcd963ebbaeb21f2dd9e543841534c7486878b2a0bd]
docker_container.postgres: Destruction complete after 0s
docker_container.postgres: Creating...
docker_container.postgres: Creation complete after 0s [id=0993dd73b1494cae532bc8f36d800844beb0bf7bb2457dda0b7ef629a7b21d04]

Apply complete! Resources: 1 added, 0 changed, 1 destroyed.

Outputs:

address = "172.19.0.100"
port = 5432
url = <sensitive>
volume_name = "voting-a-postgres-postgres-data"
postgres restore: 1.5s (rc=0; stock module re-applied, command removed)

=== verdict ===
measured: redis replace <=1s (apply 0.79s + start 0.86s, measured wall time until redis answers);
postgres replace <=1s (apply 0.76s + start 0.84s, until pg_isready); votes lost 50 of 50 across the redis replace;
vote/worker reconnected and the worker drained a post-replace vote.
decision-overlay: docs/decisions/0007-maxmemory-mutable-despite-replace-cost.md
human decision (2026-09-28): an infrastructure change made through the Deployment annotation is an
explicit approval for any downtime it causes, so downtime is accepted. The replaces are <=1s and
vote/worker reconnect, so the update cost is acceptable; redis maxmemory stays mutable and U1 stays
in scope. This replaces the spike's own 'refused' reading of criterion 1.
verdict provenance: the VERDICT line below is the recorded human decision, not a result the probe
measured. The probe measured the replace timings, the reconnect behaviour and the 50-of-50 vote loss;
it did not decide mutability. The decision is ADR 0007 - a review judges that ADR (its reasoning and
its scope), not the probe's numbers.
VERDICT: maxmemory mutable

=== side finding (not this step's checkpoint) ===
every re-apply of the stock redis/postgres module plans a replacement even with unchanged params:
ports { external = 0 } records the random host port in state and the next plan diffs it
(external = <assigned> -> 0 # forces replacement). S27's databases-only update (U2: container ID
unchanged) needs this addressed in the module, or the container is replaced on every apply.
done
