demo-up
demo-soft
demo-restore
ns-delete
test-up
jit-up
verify
jit-verify
jit-down
state
targets
demo-up
demo-soft
demo-restore
ns-delete
test-up
jit-up
verify
jit-verify
jit-down
state
targets
demo-up
demo-soft
demo-restore
ns-delete
test-up
jit-up
verify
jit-verify
jit-down
state
targets
demo-up
demo-soft
demo-restore
ns-delete
test-up
jit-up
verify
jit-verify
jit-down
state
targets
demo-up
demo-soft
demo-restore
ns-delete
test-up
jit-up
verify
jit-verify
jit-down
state
targets
demo-up
demo-soft
demo-restore
ns-delete
test-up
jit-up
verify
jit-verify
jit-down
state
targets
demo-up
demo-undeploy
demo-redeploy
ns-delete
test-up
jit-up
verify
jit-verify
jit-down
state
targets
demo-up
demo-undeploy
demo-redeploy
ns-delete
test-up
jit-up
verify
jit-verify
jit-down
state
targets
demo-up
demo-undeploy
demo-redeploy
ns-delete
test-up
jit-up
verify
jit-verify
jit-down
destroy
state
targets
demo-up
demo-undeploy
demo-redeploy
ns-delete
test-up
jit-up
verify
jit-verify
jit-down
destroy
state
targets
demo-up
demo-undeploy
demo-redeploy
ns-delete
test-up
jit-up
verify
jit-verify
jit-down
destroy
state
targets
demo-up
demo-undeploy
demo-redeploy
ns-delete
test-up
jit-up
verify
jit-verify
jit-down
destroy
state
targets
demo-up
demo-undeploy
demo-redeploy
ns-delete
test-up
jit-up
verify
jit-verify
jit-down
destroy
state
targets
demo-up
demo-undeploy
demo-redeploy
ns-delete
test-up
jit-up
verify
jit-verify
jit-down
destroy
state
targets
demo-up
demo-undeploy
demo-redeploy
ns-delete
test-up
jit-up
verify
jit-verify
jit-down
destroy
state
claim
targets
demo-up
demo-undeploy
demo-redeploy
ns-delete
test-up
jit-up
verify
jit-verify
jit-down
destroy
state
claim
targets
demo-up
demo-undeploy
demo-redeploy
ns-delete
test-up
jit-up
verify
jit-verify
jit-down
destroy
state
claim
targets
demo-up
demo-undeploy
demo-redeploy
ns-delete
test-up
jit-up
verify
jit-verify
jit-down
destroy
state
claim
targets
demo-up
demo-undeploy
demo-redeploy
ns-delete
test-up
jit-up
verify
jit-verify
jit-down
destroy
state
claim
targets
demo-up
demo-undeploy
demo-redeploy
ns-delete
test-up
jit-up
verify
jit-verify
jit-down
destroy
state
claim
targets
demo-up
demo-undeploy
demo-redeploy
ns-delete
test-up
jit-up
verify
jit-verify
jit-down
destroy
state
claim
targets
demo-up
demo-undeploy
demo-redeploy
ns-delete
test-up
jit-up
verify
jit-verify
jit-down
destroy
state
claim
targets
demo-up
demo-undeploy
demo-redeploy
ns-delete
test-up
jit-up
verify
jit-verify
jit-down
destroy
state
claim
targets
demo-up
demo-undeploy
demo-redeploy
ns-delete
test-up
jit-up
verify
jit-verify
jit-down
destroy
state
claim
targets
demo-up
demo-undeploy
demo-redeploy
ns-delete
test-up
jit-up
verify
jit-verify
jit-down
destroy
state
claim
targets
demo-up
demo-undeploy
demo-redeploy
ns-delete
test-up
jit-up
verify
jit-verify
jit-down
destroy
state
claim
targets
demo-up
demo-undeploy
demo-redeploy
ns-delete
test-up
jit-up
verify
jit-verify
jit-down
destroy
state
claim
targets
demo-up
demo-undeploy
demo-redeploy
ns-delete
test-up
jit-up
verify
jit-verify
jit-down
destroy
state
claim
targets
demo-up
demo-undeploy
demo-redeploy
ns-delete
test-up
jit-up
verify
jit-verify
jit-down
destroy
state
claim
targets
demo-up
demo-undeploy
demo-redeploy
ns-delete
test-up
jit-up
verify
jit-verify
jit-down
destroy
state
claim
targets
demo-up
demo-undeploy
demo-redeploy
ns-delete
test-up
jit-up
verify
jit-verify
jit-down
destroy
state
claim
targets
demo-up
demo-undeploy
demo-redeploy
ns-delete
test-up
jit-up
verify
jit-verify
jit-down
destroy
state
claim
targets
demo-up
demo-undeploy
demo-redeploy
ns-delete
test-up
jit-up
verify
jit-verify
jit-down
destroy
state
claim
targets
demo-up
demo-undeploy
demo-redeploy
ns-delete
test-up
jit-up
verify
jit-verify
jit-down
destroy
state
claim
timeline
targets
demo-up
demo-undeploy
demo-redeploy
ns-delete
test-up
jit-up
verify
jit-verify
jit-down
destroy
state
claim
timeline
targets
demo-up
demo-undeploy
demo-redeploy
ns-delete
test-up
jit-up
verify
jit-verify
jit-down
destroy
state
claim
timeline
targets
demo-up
demo-undeploy
demo-redeploy
ns-delete
test-up
jit-up
verify
jit-verify
jit-down
destroy
state
claim
timeline
targets
demo-up
demo-undeploy
demo-redeploy
ns-delete
test-up
jit-up
verify
jit-verify
jit-down
destroy
state
claim
timeline
targets
demo-up
demo-undeploy
demo-redeploy
ns-delete
test-up
jit-up
verify
jit-verify
jit-down
destroy
state
claim
timeline
targets
demo-up
demo-undeploy
demo-redeploy
ns-delete
test-up
jit-up
verify
jit-verify
jit-down
destroy
state
claim
timeline
targets
demo-up
demo-undeploy
demo-redeploy
ns-delete
test-up
jit-up
verify
jit-verify
jit-down
destroy
state
claim
timeline
targets
demo-up
demo-undeploy
demo-redeploy
ns-delete
test-up
jit-up
verify
jit-verify
jit-down
destroy
state
claim
timeline
targets
demo-up
demo-undeploy
demo-redeploy
ns-delete
test-up
jit-up
verify
jit-verify
jit-down
destroy
state
claim
timeline
targets
demo-up
demo-undeploy
demo-redeploy
ns-delete
test-up
jit-up
verify
jit-verify
jit-down
destroy
state
claim
timeline
targets
demo-up
demo-undeploy
demo-redeploy
ns-delete
test-up
jit-up
verify
jit-verify
jit-down
destroy
state
claim
timeline
targets
demo-up
demo-undeploy
demo-redeploy
ns-delete
test-up
jit-up
verify
jit-verify
jit-down
destroy
state
claim
timeline
targets
demo-up
demo-undeploy
demo-redeploy
ns-delete
test-up
jit-up
verify
jit-verify
jit-down
destroy
state
claim
timeline
targets
demo-up
demo-undeploy
demo-redeploy
ns-delete
test-up
jit-up
verify
jit-verify
jit-down
destroy
state
claim
timeline
targets
demo-up
demo-undeploy
demo-redeploy
ns-delete
test-up
jit-up
verify
jit-verify
jit-down
destroy
state
claim
timeline
targets
demo-up
demo-undeploy
demo-redeploy
ns-delete
test-up
jit-up
verify
jit-verify
jit-down
destroy
state
claim
timeline
targets
demo-up
demo-undeploy
demo-redeploy
ns-delete
test-up
jit-up
verify
jit-verify
jit-down
destroy
state
claim
timeline
targets
demo-up
demo-undeploy
demo-redeploy
ns-delete
test-up
jit-up
verify
jit-verify
jit-down
destroy
state
claim
timeline
targets
demo-up
demo-undeploy
demo-redeploy
ns-delete
test-up
jit-up
verify
jit-verify
jit-down
destroy
state
claim
targets
demo-up
demo-undeploy
demo-redeploy
ns-delete
test-up
jit-up
verify
jit-verify
jit-down
destroy
state
claim
targets
demo-up
demo-undeploy
demo-redeploy
ns-delete
test-up
jit-up
verify
jit-verify
jit-down
destroy
state
claim
targets
