R1   PASS     200 with exactly two options: Cats / Dogs
R2   PASS     POST /vote -> 200, redis LLEN 0 -> 1
R3   PASS     tally unchanged after re-vote (7)
R4   PASS     one row for verify-r4 after replay
R5   PASS     percentages + both option labels present
R6   PASS     vote appeared in 0s (limit 5s)
R7   PASS     votes table has voter_id, choice, updated_at
R8   PASS     queued vote (1) drained to postgres after restart
R9   PASS     tally preserved across docker restart (9)
R10  PASS     3 liveness + 3 readiness probes
R11  PASS     3 containers with cpu/mem requests + limits
R12  PASS     kustomize base + registry image override
R13  PASS     vote=200 result=200
R14  PASS     0 NodePort services
R15  PASS     arm64, no ImagePullBackOff (images imported)
R16  PASS     vote/result/worker/redis/postgres all healthy
R17  PASS     no literal password; the JIT outputs Secret 'jit-postgres' holds POSTGRES_PASSWORD

===== 17 PASS, 0 FAIL =====
R1   PASS     200 with exactly two options: Cats / Dogs
R2   FAIL     redis LLEN unreadable (before='' after='')
R3   FAIL     tally unreadable from does-not-exist-postgres-postgres (before='' after='')
R4   FAIL     got  rows
R5   PASS     percentages + both option labels present
R6   FAIL     vote did not appear within 5s
R7   FAIL     schema mismatch
R8   FAIL     redis LLEN unreadable from does-not-exist-redis-redis during the worker outage
R9   FAIL     cannot read the tally from does-not-exist-postgres-postgres before the restart
R10  FAIL     liveness=0 readiness=0
R11  FAIL     only 0/3 containers fully resourced
R12  PASS     kustomize base + registry image override
R13  PASS     vote=200 result=200
R14  PASS     0 NodePort services
R15  PASS     arm64, no ImagePullBackOff (images imported)
R16  FAIL     vote=200 result=200 worker=1 redis= postgres=1
R17  FAIL     jit-postgres Secret missing or empty

===== 6 PASS, 11 FAIL =====
R1   PASS     200 with exactly two options: Cats / Dogs
R2   PASS     POST /vote -> 200, redis LLEN 0 -> 1
R3   PASS     tally unchanged after re-vote (2)
R4   PASS     one row for verify-r4 after replay
R5   PASS     percentages + both option labels present
R6   PASS     vote appeared in 0s (limit 5s)
R7   PASS     votes table has voter_id, choice, updated_at
R8   PASS     queued vote (1) drained to postgres after restart
R9   PASS     tally preserved across docker restart (5)
R10  PASS     3 liveness + 3 readiness probes
R11  PASS     3 containers with cpu/mem requests + limits
R12  PASS     kustomize base + registry image override
R13  PASS     vote=200 result=200
R14  PASS     0 NodePort services
R15  PASS     arm64, no ImagePullBackOff (images imported)
R16  PASS     vote/result/worker/redis/postgres all healthy
R17  PASS     no literal password; the JIT outputs Secret 'jit-postgres' holds POSTGRES_PASSWORD

===== 17 PASS, 0 FAIL =====
R1   PASS     200 with exactly two options: Cats / Dogs
R2   FAIL     redis LLEN unreadable (before='' after='')
R3   FAIL     tally unreadable from does-not-exist-postgres-postgres (before='' after='')
R4   FAIL     got  rows
R5   PASS     percentages + both option labels present
R6   FAIL     vote did not appear within 5s
R7   FAIL     schema mismatch
R8   FAIL     redis LLEN unreadable from does-not-exist-redis-redis during the worker outage
R9   FAIL     cannot read the tally from does-not-exist-postgres-postgres before the restart
R10  FAIL     liveness=0 readiness=0
R11  FAIL     only 0/3 containers fully resourced
R12  PASS     kustomize base + registry image override
R13  PASS     vote=200 result=200
R14  PASS     0 NodePort services
R15  PASS     arm64, no ImagePullBackOff (images imported)
R16  FAIL     vote=200 result=200 worker=1 redis= postgres=1
R17  FAIL     jit-postgres Secret missing or empty

===== 6 PASS, 11 FAIL =====
R1   PASS     200 with exactly two options: Cats / Dogs
R2   FAIL     redis LLEN unreadable (before='' after='')
R3   FAIL     tally unreadable from does-not-exist-postgres-postgres (before='' after='')
R4   FAIL     got  rows
R5   PASS     percentages + both option labels present
R6   FAIL     vote did not appear within 5s
R7   FAIL     schema mismatch
R8   FAIL     redis LLEN unreadable from does-not-exist-redis-redis during the worker outage
R9   FAIL     cannot read the tally from does-not-exist-postgres-postgres before the restart
R10  FAIL     liveness=0 readiness=0
R11  FAIL     only 0/3 containers fully resourced
R12  PASS     kustomize base + registry image override
R13  PASS     vote=200 result=200
R14  PASS     0 NodePort services
R15  PASS     arm64, no ImagePullBackOff (images imported)
R16  FAIL     vote=200 result=200 worker=1 redis= postgres=1
R17  FAIL     jit-postgres Secret missing or empty

===== 6 PASS, 11 FAIL =====
R1   PASS     200 with exactly two options: Cats / Dogs
R2   FAIL     redis LLEN unreadable (before='' after='')
R3   FAIL     tally unreadable from does-not-exist-postgres-postgres (before='' after='')
R4   FAIL     got  rows
R5   PASS     percentages + both option labels present
R6   FAIL     vote did not appear within 5s
R7   FAIL     schema mismatch
R8   FAIL     redis LLEN unreadable from does-not-exist-redis-redis during the worker outage
R9   FAIL     cannot read the tally from does-not-exist-postgres-postgres before the restart
R10  FAIL     liveness=0 readiness=0
R11  FAIL     only 0/3 containers fully resourced
R12  PASS     kustomize base + registry image override
R13  PASS     vote=200 result=200
R14  PASS     0 NodePort services
R15  PASS     arm64, no ImagePullBackOff (images imported)
R16  FAIL     vote=200 result=200 worker=1 redis= postgres=1
R17  FAIL     jit-postgres Secret missing or empty

===== 6 PASS, 11 FAIL =====
R1   PASS     200 with exactly two options: Cats / Dogs
R2   PASS     POST /vote -> 200, redis LLEN 0 -> 1
R3   PASS     tally unchanged after re-vote (2)
R4   PASS     one row for verify-r4 after replay
R5   PASS     percentages + both option labels present
R6   PASS     vote appeared in 0s (limit 5s)
R7   PASS     votes table has voter_id, choice, updated_at
R8   PASS     queued vote (1) drained to postgres after restart
R9   PASS     tally preserved across docker restart (5)
R10  PASS     3 liveness + 3 readiness probes
R11  PASS     3 containers with cpu/mem requests + limits
R12  PASS     kustomize base + registry image override
R13  PASS     vote=200 result=200
R14  PASS     0 NodePort services
R15  PASS     arm64, no ImagePullBackOff (images imported)
R16  PASS     vote/result/worker/redis/postgres all healthy
R17  PASS     no literal password; the JIT outputs Secret 'jit-postgres' holds POSTGRES_PASSWORD

===== 17 PASS, 0 FAIL =====
R1   PASS     200 with exactly two options: Cats / Dogs
R2   PASS     POST /vote -> 200, redis LLEN 0 -> 1
R3   PASS     tally unchanged after re-vote (2)
R4   PASS     one row for verify-r4 after replay
R5   PASS     percentages + both option labels present
R6   PASS     vote appeared in 0s (limit 5s)
R7   PASS     votes table has voter_id, choice, updated_at
R8   PASS     queued vote (1) drained to postgres after restart
R9   PASS     tally preserved across docker restart (5)
R10  PASS     3 liveness + 3 readiness probes
R11  PASS     3 containers with cpu/mem requests + limits
R12  PASS     kustomize base + registry image override
R13  PASS     vote=200 result=200
R14  PASS     0 NodePort services
R15  PASS     arm64, no ImagePullBackOff (images imported)
R16  PASS     vote/result/worker/redis/postgres all healthy
R17  PASS     no literal password; the JIT outputs Secret 'jit-postgres' holds POSTGRES_PASSWORD

===== 17 PASS, 0 FAIL =====
R1   PASS     200 with exactly two options: Cats / Dogs
R2   PASS     POST /vote -> 200, redis LLEN 0 -> 1
R3   PASS     tally unchanged after re-vote (2)
R4   PASS     one row for verify-r4 after replay
R5   PASS     percentages + both option labels present
R6   PASS     vote appeared in 0s (limit 5s)
R7   PASS     votes table has voter_id, choice, updated_at
R8   PASS     queued vote (1) drained to postgres after restart
R9   PASS     tally preserved across docker restart (5)
R10  PASS     3 liveness + 3 readiness probes
R11  PASS     3 containers with cpu/mem requests + limits
R12  PASS     kustomize base + registry image override
R13  PASS     vote=200 result=200
R14  PASS     0 NodePort services
R15  PASS     arm64, no ImagePullBackOff (images imported)
R16  PASS     vote/result/worker/redis/postgres all healthy
R17  PASS     no literal password; the JIT outputs Secret 'jit-postgres' holds POSTGRES_PASSWORD

===== 17 PASS, 0 FAIL =====
R1   PASS     200 with exactly two options: Cats / Dogs
R2   FAIL     redis LLEN unreadable (before='' after='')
R3   FAIL     tally unreadable from does-not-exist-postgres-postgres (before='' after='')
R4   FAIL     got  rows
R5   PASS     percentages + both option labels present
R6   FAIL     vote did not appear within 5s
R7   FAIL     schema mismatch
R8   FAIL     redis LLEN unreadable from does-not-exist-redis-redis during the worker outage
R9   FAIL     cannot read the tally from does-not-exist-postgres-postgres before the restart
R10  FAIL     liveness=0 readiness=0
R11  FAIL     only 0/3 containers fully resourced
R12  PASS     kustomize base + registry image override
R13  PASS     vote=200 result=200
R14  PASS     0 NodePort services
R15  PASS     arm64, no ImagePullBackOff (images imported)
R16  FAIL     vote=200 result=200 worker=1 redis= postgres=1
R17  FAIL     jit-postgres Secret missing or empty

===== 6 PASS, 11 FAIL =====
R1   PASS     200 with exactly two options: Cats / Dogs
R2   FAIL     redis LLEN unreadable (before='' after='')
R3   FAIL     tally unreadable from does-not-exist-postgres-postgres (before='' after='')
R4   FAIL     got  rows
R5   PASS     percentages + both option labels present
R6   FAIL     vote did not appear within 5s
R7   FAIL     schema mismatch
R8   FAIL     redis LLEN unreadable from does-not-exist-redis-redis during the worker outage
R9   FAIL     cannot read the tally from does-not-exist-postgres-postgres before the restart
R10  FAIL     liveness=0 readiness=0
R11  FAIL     only 0/3 containers fully resourced
R12  PASS     kustomize base + registry image override
R13  PASS     vote=200 result=200
R14  PASS     0 NodePort services
R15  PASS     arm64, no ImagePullBackOff (images imported)
R16  FAIL     vote=200 result=200 worker=1 redis= postgres=1
R17  FAIL     jit-postgres Secret missing or empty

===== 6 PASS, 11 FAIL =====
R1   PASS     200 with exactly two options: Cats / Dogs
R2   FAIL     redis LLEN unreadable (before='' after='')
R3   FAIL     tally unreadable from does-not-exist-postgres-postgres (before='' after='')
R4   FAIL     got  rows
R5   PASS     percentages + both option labels present
R6   FAIL     vote did not appear within 5s
R7   FAIL     schema mismatch
R8   FAIL     redis LLEN unreadable from does-not-exist-redis-redis during the worker outage
R9   FAIL     cannot read the tally from does-not-exist-postgres-postgres before the restart
R10  FAIL     liveness=0 readiness=0
R11  FAIL     only 0/3 containers fully resourced
R12  PASS     kustomize base + registry image override
R13  PASS     vote=200 result=200
R14  PASS     0 NodePort services
R15  PASS     arm64, no ImagePullBackOff (images imported)
R16  FAIL     vote=200 result=200 worker=1 redis= postgres=1
R17  FAIL     jit-postgres Secret missing or empty

===== 6 PASS, 11 FAIL =====
R1   FAIL     code=000, options= 
R2   FAIL     code=000, LLEN 0 -> 0
R3   PASS     tally unchanged after re-vote (0)
R4   PASS     one row for verify-r4 after replay
R5   FAIL     missing percentages or labels (options '' / '')
R6   FAIL     vote did not appear within 5s
R7   PASS     votes table has voter_id, choice, updated_at
R8   FAIL     no vote queued during worker outage
R9   PASS     tally preserved across docker restart (1)
R10  PASS     3 liveness + 3 readiness probes
R11  PASS     3 containers with cpu/mem requests + limits
R12  PASS     kustomize base + registry image override
R13  PASS     vote=200 result=200
R14  PASS     0 NodePort services
R15  PASS     arm64, no ImagePullBackOff (images imported)
R16  PASS     vote/result/worker/redis/postgres all healthy
R17  PASS     no literal password; the JIT outputs Secret 'jit-postgres' holds POSTGRES_PASSWORD

===== 12 PASS, 5 FAIL =====
R1   PASS     200 with exactly two options: Cats / Dogs
R2   FAIL     redis LLEN unreadable (before='' after='')
R3   FAIL     tally unreadable from does-not-exist-postgres-postgres (before='' after='')
R4   FAIL     got  rows
R5   PASS     percentages + both option labels present
R6   FAIL     vote did not appear within 5s
R7   FAIL     schema mismatch
R8   FAIL     redis LLEN unreadable from does-not-exist-redis-redis during the worker outage
R9   FAIL     cannot read the tally from does-not-exist-postgres-postgres before the restart
R10  FAIL     liveness=0 readiness=0
R11  FAIL     only 0/3 containers fully resourced
R12  PASS     kustomize base + registry image override
R13  PASS     vote=200 result=200
R14  PASS     0 NodePort services
R15  PASS     arm64, no ImagePullBackOff (images imported)
R16  FAIL     vote=200 result=200 worker=1 redis= postgres=1
R17  FAIL     jit-postgres Secret missing or empty

===== 6 PASS, 11 FAIL =====
R1   PASS     200 with exactly two options: Cats / Dogs
R2   PASS     POST /vote -> 200, redis LLEN 0 -> 1
R3   PASS     tally unchanged after re-vote (6)
R4   PASS     one row for verify-r4 after replay
R5   PASS     percentages + both option labels present
R6   PASS     vote appeared in 0s (limit 5s)
R7   PASS     votes table has voter_id, choice, updated_at
R8   PASS     queued vote (1) drained to postgres after restart
R9   PASS     tally preserved across docker restart (8)
R10  PASS     3 liveness + 3 readiness probes
R11  PASS     3 containers with cpu/mem requests + limits
R12  PASS     kustomize base + registry image override
R13  PASS     vote=200 result=200
R14  PASS     0 NodePort services
R15  PASS     arm64, no ImagePullBackOff (images imported)
R16  PASS     vote/result/worker/redis/postgres all healthy
R17  PASS     no literal password; the JIT outputs Secret 'jit-postgres' holds POSTGRES_PASSWORD

===== 17 PASS, 0 FAIL =====
R1   PASS     200 with exactly two options: Cats / Dogs
R2   PASS     POST /vote -> 200, redis LLEN 0 -> 1
R3   PASS     tally unchanged after re-vote (2)
R4   PASS     one row for verify-r4 after replay
R5   PASS     percentages + both option labels present
R6   PASS     vote appeared in 0s (limit 5s)
R7   PASS     votes table has voter_id, choice, updated_at
R8   PASS     queued vote (1) drained to postgres after restart
R9   PASS     tally preserved across docker restart (5)
R10  PASS     3 liveness + 3 readiness probes
R11  PASS     3 containers with cpu/mem requests + limits
R12  PASS     kustomize base + registry image override
R13  PASS     vote=200 result=200
R14  PASS     0 NodePort services
R15  PASS     arm64, no ImagePullBackOff (images imported)
R16  PASS     vote/result/worker/redis/postgres all healthy
R17  PASS     no literal password; the JIT outputs Secret 'jit-postgres' holds POSTGRES_PASSWORD

===== 17 PASS, 0 FAIL =====
R1   PASS     200 with exactly two options: Cats / Dogs
R2   PASS     POST /vote -> 200, redis LLEN 0 -> 1
R3   PASS     tally unchanged after re-vote (2)
R4   PASS     one row for verify-r4 after replay
R5   PASS     percentages + both option labels present
R6   PASS     vote appeared in 0s (limit 5s)
R7   PASS     votes table has voter_id, choice, updated_at
R8   PASS     queued vote (1) drained to postgres after restart
R9   PASS     tally preserved across docker restart (5)
R10  PASS     3 liveness + 3 readiness probes
R11  PASS     3 containers with cpu/mem requests + limits
R12  PASS     kustomize base + registry image override
R13  PASS     vote=200 result=200
R14  PASS     0 NodePort services
R15  PASS     arm64, no ImagePullBackOff (images imported)
R16  PASS     vote/result/worker/redis/postgres all healthy
R17  PASS     no literal password; the JIT outputs Secret 'jit-postgres' holds POSTGRES_PASSWORD

===== 17 PASS, 0 FAIL =====
R1   PASS     200 with exactly two options: Cats / Dogs
R2   FAIL     redis LLEN unreadable (before='' after='')
R3   FAIL     tally unreadable from does-not-exist-postgres-postgres (before='' after='')
R4   FAIL     got  rows
R5   PASS     percentages + both option labels present
R6   FAIL     vote did not appear within 5s
R7   FAIL     schema mismatch
R8   FAIL     redis LLEN unreadable from does-not-exist-redis-redis during the worker outage
R9   FAIL     cannot read the tally from does-not-exist-postgres-postgres before the restart
R10  FAIL     liveness=0 readiness=0
R11  FAIL     only 0/3 containers fully resourced
R12  PASS     kustomize base + registry image override
R13  PASS     vote=200 result=200
R14  PASS     0 NodePort services
R15  PASS     arm64, no ImagePullBackOff (images imported)
R16  FAIL     vote=200 result=200 worker=1 redis= postgres=1
R17  FAIL     jit-postgres Secret missing or empty

===== 6 PASS, 11 FAIL =====
R1   PASS     200 with exactly two options: Cats / Dogs
R2   PASS     POST /vote -> 200, redis LLEN 0 -> 1
R3   PASS     tally unchanged after re-vote (2)
R4   PASS     one row for verify-r4 after replay
R5   PASS     percentages + both option labels present
R6   PASS     vote appeared in 0s (limit 5s)
R7   PASS     votes table has voter_id, choice, updated_at
R8   PASS     queued vote (1) drained to postgres after restart
R9   PASS     tally preserved across docker restart (5)
R10  PASS     3 liveness + 3 readiness probes
R11  PASS     3 containers with cpu/mem requests + limits
R12  PASS     kustomize base + registry image override
R13  PASS     vote=200 result=200
R14  PASS     0 NodePort services
R15  PASS     arm64, no ImagePullBackOff (images imported)
R16  PASS     vote/result/worker/redis/postgres all healthy
R17  PASS     no literal password; the JIT outputs Secret 'jit-postgres' holds POSTGRES_PASSWORD

===== 17 PASS, 0 FAIL =====
R1   PASS     200 with exactly two options: Cats / Dogs
R2   FAIL     redis LLEN unreadable (before='' after='')
R3   FAIL     tally unreadable from does-not-exist-postgres-postgres (before='' after='')
R4   FAIL     got  rows
R5   PASS     percentages + both option labels present
R6   FAIL     vote did not appear within 5s
R7   FAIL     schema mismatch
R8   FAIL     redis LLEN unreadable from does-not-exist-redis-redis during the worker outage
R9   FAIL     cannot read the tally from does-not-exist-postgres-postgres before the restart
R10  FAIL     liveness=0 readiness=0
R11  FAIL     only 0/3 containers fully resourced
R12  PASS     kustomize base + registry image override
R13  PASS     vote=200 result=200
R14  PASS     0 NodePort services
R15  PASS     arm64, no ImagePullBackOff (images imported)
R16  FAIL     vote=200 result=200 worker=1 redis= postgres=1
R17  FAIL     jit-postgres Secret missing or empty

===== 6 PASS, 11 FAIL =====
R1   PASS     200 with exactly two options: Cats / Dogs
R2   PASS     POST /vote -> 200, redis LLEN 0 -> 1
R3   PASS     tally unchanged after re-vote (2)
R4   PASS     one row for verify-r4 after replay
R5   PASS     percentages + both option labels present
R6   PASS     vote appeared in 1s (limit 5s)
R7   PASS     votes table has voter_id, choice, updated_at
R8   PASS     queued vote (1) drained to postgres after restart
R9   PASS     tally preserved across docker restart (5)
R10  PASS     3 liveness + 3 readiness probes
R11  PASS     3 containers with cpu/mem requests + limits
R12  PASS     kustomize base + registry image override
R13  PASS     vote=200 result=200
R14  PASS     0 NodePort services
R15  PASS     arm64, no ImagePullBackOff (images imported)
R16  PASS     vote/result/worker/redis/postgres all healthy
R17  PASS     no literal password; the JIT outputs Secret 'jit-postgres' holds POSTGRES_PASSWORD

===== 17 PASS, 0 FAIL =====
R1   PASS     200 with exactly two options: Cats / Dogs
R2   PASS     POST /vote -> 200, redis LLEN 0 -> 1
R3   PASS     tally unchanged after re-vote (2)
R4   PASS     one row for verify-r4 after replay
R5   PASS     percentages + both option labels present
R6   PASS     vote appeared in 0s (limit 5s)
R7   PASS     votes table has voter_id, choice, updated_at
R8   PASS     queued vote (1) drained to postgres after restart
R9   PASS     tally preserved across docker restart (5)
R10  PASS     3 liveness + 3 readiness probes
R11  PASS     3 containers with cpu/mem requests + limits
R12  PASS     kustomize base + registry image override
R13  PASS     vote=200 result=200
R14  PASS     0 NodePort services
R15  PASS     arm64, no ImagePullBackOff (images imported)
R16  PASS     vote/result/worker/redis/postgres all healthy
R17  PASS     no literal password; the JIT outputs Secret 'jit-postgres' holds POSTGRES_PASSWORD

===== 17 PASS, 0 FAIL =====
R1   PASS     200 with exactly two options: Cats / Dogs
R2   PASS     POST /vote -> 200, redis LLEN 0 -> 1
R3   PASS     tally unchanged after re-vote (2)
R4   PASS     one row for verify-r4 after replay
R5   PASS     percentages + both option labels present
R6   PASS     vote appeared in 0s (limit 5s)
R7   PASS     votes table has voter_id, choice, updated_at
R8   PASS     queued vote (1) drained to postgres after restart
R9   PASS     tally preserved across docker restart (5)
R10  PASS     3 liveness + 3 readiness probes
R11  PASS     3 containers with cpu/mem requests + limits
R12  PASS     kustomize base + registry image override
R13  PASS     vote=200 result=200
R14  PASS     0 NodePort services
R15  PASS     arm64, no ImagePullBackOff (images imported)
R16  PASS     vote/result/worker/redis/postgres all healthy
R17  PASS     no literal password; the JIT outputs Secret 'jit-postgres' holds POSTGRES_PASSWORD

===== 17 PASS, 0 FAIL =====
R1   PASS     200 with exactly two options: Cats / Dogs
R2   PASS     POST /vote -> 200, redis LLEN 0 -> 1
R3   PASS     tally unchanged after re-vote (2)
R4   PASS     one row for verify-r4 after replay
R5   PASS     percentages + both option labels present
R6   PASS     vote appeared in 0s (limit 5s)
R7   PASS     votes table has voter_id, choice, updated_at
R8   PASS     queued vote (1) drained to postgres after restart
R9   PASS     tally preserved across docker restart (5)
R10  PASS     3 liveness + 3 readiness probes
R11  PASS     3 containers with cpu/mem requests + limits
R12  PASS     kustomize base + registry image override
R13  PASS     vote=200 result=200
R14  PASS     0 NodePort services
R15  PASS     arm64, no ImagePullBackOff (images imported)
R16  PASS     vote/result/worker/redis/postgres all healthy
R17  PASS     no literal password; the JIT outputs Secret 'jit-postgres' holds POSTGRES_PASSWORD

===== 17 PASS, 0 FAIL =====
R1   PASS     200 with exactly two options: Cats / Dogs
R2   PASS     POST /vote -> 200, redis LLEN 0 -> 1
R3   PASS     tally unchanged after re-vote (2)
R4   PASS     one row for verify-r4 after replay
R5   PASS     percentages + both option labels present
R6   PASS     vote appeared in 0s (limit 5s)
R7   PASS     votes table has voter_id, choice, updated_at
R8   PASS     queued vote (1) drained to postgres after restart
R9   PASS     tally preserved across docker restart (5)
R10  PASS     3 liveness + 3 readiness probes
R11  PASS     3 containers with cpu/mem requests + limits
R12  PASS     kustomize base + registry image override
R13  PASS     vote=200 result=200
R14  PASS     0 NodePort services
R15  PASS     arm64, no ImagePullBackOff (images imported)
R16  PASS     vote/result/worker/redis/postgres all healthy
R17  PASS     no literal password; the JIT outputs Secret 'jit-postgres' holds POSTGRES_PASSWORD

===== 17 PASS, 0 FAIL =====
